this file should not be added to git.
add 2nd line.